[valom-html-demo.vercel.app/index04b9.html]
[backblue.gif]
[fade.gif]
[index.html]
[valom-html-demo.vercel.app/assets/img/favicon.jpg]
[valom-html-demo.vercel.app/assets/css/bootstrap.min.css]
[valom-html-demo.vercel.app/assets/css/animate.min.css]
[valom-html-demo.vercel.app/assets/css/magnific-popup.css]
[valom-html-demo.vercel.app/assets/css/fontawesome-all.min.css]
[valom-html-demo.vercel.app/assets/css/swiper-bundle.min.css]
[valom-html-demo.vercel.app/assets/css/aos.css]
[valom-html-demo.vercel.app/assets/css/jquery.datetimepicker.min.css]
[valom-html-demo.vercel.app/assets/css/default.css]
[valom-html-demo.vercel.app/assets/css/style.css]
[valom-html-demo.vercel.app/index.html]
[valom-html-demo.vercel.app/assets/img/logo/logo.svg]
[valom-html-demo.vercel.app/home-2.html]
[valom-html-demo.vercel.app/home-3.html]
[valom-html-demo.vercel.app/home-4.html]
[valom-html-demo.vercel.app/home-5.html]
[valom-html-demo.vercel.app/about.html]
[valom-html-demo.vercel.app/service.html]
[valom-html-demo.vercel.app/service-details.html]
[valom-html-demo.vercel.app/project.html]
[valom-html-demo.vercel.app/project-details.html]
[valom-html-demo.vercel.app/team.html]
[valom-html-demo.vercel.app/team-details.html]
[valom-html-demo.vercel.app/pricing.html]
[valom-html-demo.vercel.app/appointment.html]
[valom-html-demo.vercel.app/error.html]
[valom-html-demo.vercel.app/blog.html]
[valom-html-demo.vercel.app/blog-2.html]
[valom-html-demo.vercel.app/blog-details.html]
[valom-html-demo.vercel.app/contact.html]
[valom-html-demo.vercel.app/assets/img/others/appointment2-1.png]
[valom-html-demo.vercel.app/assets/img/hero/hero-bg1-1.png]
[valom-html-demo.vercel.app/assets/img/hero/hero-bg1-2.png]
[valom-html-demo.vercel.app/assets/img/hero/hero-bg1-3.png]
[valom-html-demo.vercel.app/assets/img/bg/feature-bg1-1.png]
[valom-html-demo.vercel.app/assets/img/others/about1-1.jpg]
[valom-html-demo.vercel.app/assets/img/service/service-img-1-1.jpg]
[valom-html-demo.vercel.app/assets/img/service/service-img-1-2.jpg]
[valom-html-demo.vercel.app/assets/img/service/service-img-1-3.jpg]
[valom-html-demo.vercel.app/assets/img/team/team-1-1.jpg]
[valom-html-demo.vercel.app/assets/img/team/team-1-2.jpg]
[valom-html-demo.vercel.app/assets/img/team/team-1-3.jpg]
[valom-html-demo.vercel.app/assets/img/others/goal-img-mask1-2.png]
[valom-html-demo.vercel.app/assets/img/others/goal-img-mask1-1.png]
[valom-html-demo.vercel.app/assets/img/others/goal1-1.png]
[valom-html-demo.vercel.app/assets/img/project/project1-1.jpg]
[valom-html-demo.vercel.app/assets/img/project/project1-2.jpg]
[valom-html-demo.vercel.app/assets/img/project/project1-3.jpg]
[valom-html-demo.vercel.app/assets/img/project/project1-4.jpg]
[valom-html-demo.vercel.app/assets/img/blog/1-1.jpg]
[valom-html-demo.vercel.app/assets/img/blog/1-2.jpg]
[valom-html-demo.vercel.app/assets/img/blog/1-3.jpg]
[valom-html-demo.vercel.app/assets/img/bg/footer-bg-shape1-1.png]
[valom-html-demo.vercel.app/assets/img/logo/logo-white.svg]
[valom-html-demo.vercel.app/assets/img/widget/ins_post01.jpg]
[valom-html-demo.vercel.app/instagram.38.delayed]
[valom-html-demo.vercel.app/assets/img/widget/ins_post02.jpg]
[valom-html-demo.vercel.app/assets/img/widget/ins_post03.jpg]
[valom-html-demo.vercel.app/assets/img/widget/ins_post04.jpg]
[valom-html-demo.vercel.app/assets/img/widget/ins_post05.jpg]
[valom-html-demo.vercel.app/assets/img/widget/ins_post06.jpg]
[valom-html-demo.vercel.app/assets/js/vendor/jquery-3.7.1.min.js]
[valom-html-demo.vercel.app/assets/js/bootstrap.bundle.min.js]
[valom-html-demo.vercel.app/assets/js/jquery.magnific-popup.min.js]
[valom-html-demo.vercel.app/assets/js/swiper-bundle.min.js]
[valom-html-demo.vercel.app/assets/js/ajax-form.js]
[valom-html-demo.vercel.app/assets/js/wow.min.js]
[valom-html-demo.vercel.app/assets/js/aos.js]
[valom-html-demo.vercel.app/assets/js/jquery.datetimepicker.min.js]
[valom-html-demo.vercel.app/assets/js/gsap.min.js]
[valom-html-demo.vercel.app/assets/js/ScrollTrigger.min.js]
[valom-html-demo.vercel.app/assets/js/SplitText.min.js]
[valom-html-demo.vercel.app/assets/js/jquery.counterup.min.js]
[valom-html-demo.vercel.app/assets/js/imagesloaded.pkgd.min.js]
[valom-html-demo.vercel.app/assets/js/isotope.pkgd.min.js]
[valom-html-demo.vercel.app/index04b9.html]
[valom-html-demo.vercel.app/assets/css/bootstrap.min.css]
[valom-html-demo.vercel.app/assets/js/main.js]
[valom-html-demo.vercel.app/assets/css/animate.min.css]
[valom-html-demo.vercel.app/assets/css/magnific-popup.css]
[valom-html-demo.vercel.app/index-2.html]
[valom-html-demo.vercel.app/assets/fonts/fa-brands-400.4d.delayed]
[valom-html-demo.vercel.app/assets/fonts/fa-brands-400.4ed41d.delayed]
[valom-html-demo.vercel.app/assets/fonts/fa-brands-400.woff2]
[valom-html-demo.vercel.app/assets/fonts/fa-brands-400.woff]
[valom-html-demo.vercel.app/assets/fonts/fa-brands-400.ttf]
[valom-html-demo.vercel.app/assets/fonts/fa-brands-400.52.delayed]
[valom-html-demo.vercel.app/assets/fonts/fa-regular-400.53.delayed]
[valom-html-demo.vercel.app/assets/fonts/fa-regular-400.54d41d.delayed]
[valom-html-demo.vercel.app/assets/fonts/fa-regular-400.woff2]
[valom-html-demo.vercel.app/assets/fonts/fa-regular-400.woff]
[valom-html-demo.vercel.app/assets/fonts/fa-regular-400.ttf]
[valom-html-demo.vercel.app/assets/fonts/fa-regular-400.58.delayed]
[valom-html-demo.vercel.app/assets/fonts/fa-solid-900.59.delayed]
[valom-html-demo.vercel.app/assets/fonts/fa-solid-900.5ad41d.delayed]
[valom-html-demo.vercel.app/assets/fonts/fa-solid-900.woff2]
[valom-html-demo.vercel.app/assets/fonts/fa-solid-900.woff]
[valom-html-demo.vercel.app/assets/fonts/fa-solid-900.ttf]
[valom-html-demo.vercel.app/assets/fonts/fa-solid-900.5e.delayed]
[valom-html-demo.vercel.app/assets/css/fontawesome-all.min.css]
[valom-html-demo.vercel.app/assets/css/swiper-bundle.min.css]
[valom-html-demo.vercel.app/assets/css/aos.css]
[valom-html-demo.vercel.app/assets/css/jquery.datetimepicker.min.css]
[valom-html-demo.vercel.app/assets/css/default.css]
[valom-html-demo.vercel.app/assets/css/style.css]
[valom-html-demo.vercel.app/assets/img/logo/preloader.svg]
[valom-html-demo.vercel.app/index.html]
[valom-html-demo.vercel.app/assets/img/logo/logo.svg]
[valom-html-demo.vercel.app/assets/img/hero/hero-2-1.png]
[valom-html-demo.vercel.app/assets/img/icon/hero-feature-icon2-1.svg]
[valom-html-demo.vercel.app/assets/img/icon/hero-feature-icon2-2.svg]
[valom-html-demo.vercel.app/assets/img/icon/hero-feature-icon2-3.svg]
[valom-html-demo.vercel.app/assets/img/others/about2-1.jpg]
[valom-html-demo.vercel.app/assets/img/others/about2-2.jpg]
[valom-html-demo.vercel.app/assets/img/icon/counter-icon2-1.svg]
[valom-html-demo.vercel.app/assets/img/icon/counter-icon2-2.svg]
[valom-html-demo.vercel.app/assets/img/icon/counter-icon2-3.svg]
[valom-html-demo.vercel.app/assets/img/icon/process-icon1-1.png]
[valom-html-demo.vercel.app/assets/img/others/business-process2-1.jpg]
[valom-html-demo.vercel.app/assets/img/others/business-process2-2.jpg]
[valom-html-demo.vercel.app/assets/img/others/business-process2-3.jpg]
[valom-html-demo.vercel.app/assets/img/testimonial/brand1-1.png]
[valom-html-demo.vercel.app/assets/img/testimonial/1-1.png]
[valom-html-demo.vercel.app/assets/img/testimonial/brand1-2.png]
[valom-html-demo.vercel.app/assets/img/testimonial/1-2.png]
[valom-html-demo.vercel.app/assets/img/testimonial/brand1-3.png]
[valom-html-demo.vercel.app/assets/img/testimonial/1-3.png]
[valom-html-demo.vercel.app/assets/img/team/team-2-1.jpg]
[valom-html-demo.vercel.app/assets/img/team/team-2-2.jpg]
[valom-html-demo.vercel.app/assets/img/team/team-2-3.jpg]
[valom-html-demo.vercel.app/assets/img/bg/cta-bg1-1.png]
[valom-html-demo.vercel.app/assets/img/bg/cta-bg-shape1-1.png]
[valom-html-demo.vercel.app/assets/img/others/faq1-1.jpg]
[valom-html-demo.vercel.app/assets/img/blog/2-1.jpg]
[valom-html-demo.vercel.app/assets/img/blog/2-2.jpg]
[valom-html-demo.vercel.app/faq.7a.delayed]
[valom-html-demo.vercel.app/home-2.html]
[valom-html-demo.vercel.app/assets/img/hero/hero-bg3-1.png]
[valom-html-demo.vercel.app/assets/img/hero/hero-3-1.png]
[valom-html-demo.vercel.app/assets/img/hero/hero-3-2.png]
[valom-html-demo.vercel.app/assets/img/others/counter3-1.jpg]
[valom-html-demo.vercel.app/assets/img/others/counter3-2.jpg]
[valom-html-demo.vercel.app/assets/img/others/counter3-3.jpg]
[valom-html-demo.vercel.app/assets/img/others/counter3-4.jpg]
[valom-html-demo.vercel.app/assets/img/others/about3-1.jpg]
[valom-html-demo.vercel.app/assets/img/others/about3-2.jpg]
[valom-html-demo.vercel.app/assets/img/bg/video-bg-shape1-1.png]
[valom-html-demo.vercel.app/assets/img/others/video1-1.png]
[valom-html-demo.vercel.app/assets/img/bg/team-bg-shape3-1.png]
[valom-html-demo.vercel.app/assets/img/team/team-3-1.jpg]
[valom-html-demo.vercel.app/assets/img/team/team-3-2.jpg]
[valom-html-demo.vercel.app/assets/img/team/team-3-3.jpg]
[valom-html-demo.vercel.app/assets/img/team/team-3-4.jpg]
[valom-html-demo.vercel.app/assets/img/others/feature2-1.jpg]
[valom-html-demo.vercel.app/assets/img/others/feature2-2.jpg]
[valom-html-demo.vercel.app/assets/img/icon/feature-counter-icon2-1.svg]
[valom-html-demo.vercel.app/assets/img/icon/feature-icon2-1.svg]
[valom-html-demo.vercel.app/assets/img/others/pricing-thumb1-1.png]
[valom-html-demo.vercel.app/assets/img/others/pricing-thumb1-2.png]
[valom-html-demo.vercel.app/assets/img/others/pricing-thumb1-3.png]
[valom-html-demo.vercel.app/assets/img/blog/3-1.jpg]
[valom-html-demo.vercel.app/assets/img/blog/3-2.jpg]
[valom-html-demo.vercel.app/assets/img/blog/3-3.jpg]
[valom-html-demo.vercel.app/home-3.html]
[valom-html-demo.vercel.app/assets/img/hero/hero-bg4-1.png]
[valom-html-demo.vercel.app/assets/img/hero/hero-bg-shape4-1.png]
[valom-html-demo.vercel.app/assets/img/hero/hero-bg4-2.png]
[valom-html-demo.vercel.app/assets/img/service/service-img-2-1.jpg]
[valom-html-demo.vercel.app/assets/img/service/service-img-2-2.jpg]
[valom-html-demo.vercel.app/assets/img/service/service-img-2-3.jpg]
[valom-html-demo.vercel.app/assets/img/others/about4-1.jpg]
[valom-html-demo.vercel.app/assets/img/others/about4-2.jpg]
[valom-html-demo.vercel.app/assets/img/team/team-4-1.jpg]
[valom-html-demo.vercel.app/assets/img/team/team-4-2.jpg]
[valom-html-demo.vercel.app/assets/img/team/team-4-3.jpg]
[valom-html-demo.vercel.app/assets/img/bg/why-bg2-1.png]
[valom-html-demo.vercel.app/assets/img/others/why-img-mask2-1.png]
[valom-html-demo.vercel.app/assets/img/others/why2-1.png]
[valom-html-demo.vercel.app/assets/img/bg/cta-bg-shape2-1.png]
[valom-html-demo.vercel.app/assets/img/bg/pricing-bg2-1.png]
[valom-html-demo.vercel.app/assets/img/bg/process-icon-bg-mask1-1.png]
[valom-html-demo.vercel.app/assets/img/bg/process-icon-border-mask1-1.png]
[valom-html-demo.vercel.app/assets/img/icon/process-arrow-mask1-1.png]
[valom-html-demo.vercel.app/assets/img/project/project2-1.jpg]
[valom-html-demo.vercel.app/assets/img/project/project2-2.jpg]
[valom-html-demo.vercel.app/assets/img/testimonial/testimonial-thumb-2.png]
[valom-html-demo.vercel.app/assets/img/testimonial/2-1.png]
[valom-html-demo.vercel.app/assets/img/testimonial/2-2.png]
[valom-html-demo.vercel.app/assets/img/client/client1-1.svg]
[valom-html-demo.vercel.app/assets/img/client/client1-2.svg]
[valom-html-demo.vercel.app/assets/img/client/client1-3.svg]
[valom-html-demo.vercel.app/assets/img/client/client1-4.svg]
[valom-html-demo.vercel.app/assets/img/client/client1-5.svg]
[valom-html-demo.vercel.app/assets/img/blog/4-1.jpg]
[valom-html-demo.vercel.app/assets/img/blog/4-2.jpg]
[valom-html-demo.vercel.app/assets/img/blog/4-3.jpg]
[valom-html-demo.vercel.app/home-4.html]
[valom-html-demo.vercel.app/assets/img/hero/hero-5-1-mask.png]
[valom-html-demo.vercel.app/assets/img/hero/hero-5-1.png]
[valom-html-demo.vercel.app/assets/img/others/why3-1.png]
[valom-html-demo.vercel.app/assets/img/others/why3-2.png]
[valom-html-demo.vercel.app/assets/img/project/project3-1.jpg]
[valom-html-demo.vercel.app/assets/img/project/project3-2.jpg]
[valom-html-demo.vercel.app/assets/img/bg/cta-bg3-1.png]
[valom-html-demo.vercel.app/assets/img/others/about6-1.jpg]
[valom-html-demo.vercel.app/assets/img/bg/counter-bg-shape4-1.png]
[valom-html-demo.vercel.app/assets/img/team/team-5-1.jpg]
[valom-html-demo.vercel.app/assets/img/team/team-5-2.jpg]
[valom-html-demo.vercel.app/assets/img/team/team-5-3.jpg]
[valom-html-demo.vercel.app/assets/img/team/team-5-4.jpg]
[valom-html-demo.vercel.app/assets/img/bg/testimonial-bg-shape3-1.png]
[valom-html-demo.vercel.app/assets/img/testimonial/3-1.png]
[valom-html-demo.vercel.app/assets/img/testimonial/3-2.png]
[valom-html-demo.vercel.app/assets/img/testimonial/3-3.png]
[valom-html-demo.vercel.app/assets/img/blog/5-1.jpg]
[valom-html-demo.vercel.app/assets/img/blog/5-2.jpg]
[valom-html-demo.vercel.app/assets/img/blog/5-3.jpg]
[valom-html-demo.vercel.app/assets/img/others/contact1-1.jpg]
[valom-html-demo.vercel.app/home-5.html]
[valom-html-demo.vercel.app/assets/img/bg/breadcrumb-bg.png]
[valom-html-demo.vercel.app/about.html]
[valom-html-demo.vercel.app/service.html]
[valom-html-demo.vercel.app/assets/img/service/service-details-1-1.jpg]
[valom-html-demo.vercel.app/service-details.html]
[valom-html-demo.vercel.app/assets/img/project/project3-3.jpg]
[valom-html-demo.vercel.app/assets/img/project/project3-4.jpg]
[valom-html-demo.vercel.app/assets/img/project/project3-5.jpg]
[valom-html-demo.vercel.app/assets/img/project/project3-6.jpg]
[valom-html-demo.vercel.app/assets/img/project/project3-7.jpg]
[valom-html-demo.vercel.app/assets/img/project/project3-8.jpg]
[valom-html-demo.vercel.app/project.html]
[valom-html-demo.vercel.app/assets/img/project/project-details-1-1.jpg]
[valom-html-demo.vercel.app/assets/img/project/project-details-1-2.jpg]
[valom-html-demo.vercel.app/assets/img/project/project-details-1-3.jpg]
[valom-html-demo.vercel.app/project-details.html]
[valom-html-demo.vercel.app/assets/img/bg/team-page-bg1-1.png]
[valom-html-demo.vercel.app/assets/img/bg/team-page-bg-shape1-1.png]
[valom-html-demo.vercel.app/assets/img/team/team-page-1-1.jpg]
[valom-html-demo.vercel.app/assets/img/team/team-2-4.jpg]
[valom-html-demo.vercel.app/assets/img/team/team-2-5.jpg]
[valom-html-demo.vercel.app/assets/img/others/about7-1.jpg]
[valom-html-demo.vercel.app/team.html]
[valom-html-demo.vercel.app/assets/img/team/team-details-1-1.jpg]
[valom-html-demo.vercel.app/assets/img/team/team-details-1-2.jpg]
[valom-html-demo.vercel.app/team-details.html]
[valom-html-demo.vercel.app/pricing.html]
[valom-html-demo.vercel.app/appointment.html]
[valom-html-demo.vercel.app/error.html]
[valom-html-demo.vercel.app/assets/img/others/error.svg]
[valom-html-demo.vercel.app/assets/img/blog/blog-s-1-1.jpg]
[valom-html-demo.vercel.app/assets/img/blog/blog-s-1-2.jpg]
[valom-html-demo.vercel.app/assets/img/blog/blog-s-1-3.jpg]
[valom-html-demo.vercel.app/assets/img/blog/rc_post01.jpg]
[valom-html-demo.vercel.app/assets/img/blog/rc_post02.jpg]
[valom-html-demo.vercel.app/assets/img/blog/rc_post03.jpg]
[valom-html-demo.vercel.app/assets/img/blog/ins_post01.jpg]
[valom-html-demo.vercel.app/assets/img/blog/ins_post02.jpg]
[valom-html-demo.vercel.app/assets/img/blog/ins_post03.jpg]
[valom-html-demo.vercel.app/assets/img/blog/ins_post04.jpg]
[valom-html-demo.vercel.app/assets/img/blog/ins_post05.jpg]
[valom-html-demo.vercel.app/assets/img/blog/ins_post06.jpg]
[valom-html-demo.vercel.app/assets/img/blog/ins_post07.jpg]
[valom-html-demo.vercel.app/assets/img/blog/ins_post08.jpg]
[valom-html-demo.vercel.app/blog.html]
[valom-html-demo.vercel.app/assets/img/blog/blog-g-1-1.jpg]
[valom-html-demo.vercel.app/assets/img/blog/blog-g-1-2.jpg]
[valom-html-demo.vercel.app/assets/img/blog/blog-g-1-3.jpg]
[valom-html-demo.vercel.app/assets/img/blog/blog-g-1-4.jpg]
[valom-html-demo.vercel.app/assets/img/blog/blog-g-1-5.jpg]
[valom-html-demo.vercel.app/assets/img/blog/blog-g-1-6.jpg]
[valom-html-demo.vercel.app/assets/img/blog/blog-g-1-7.jpg]
[valom-html-demo.vercel.app/assets/img/blog/blog-g-1-8.jpg]
[valom-html-demo.vercel.app/assets/img/blog/blog-g-1-9.jpg]
[valom-html-demo.vercel.app/blog-2.html]
[valom-html-demo.vercel.app/assets/img/blog/blog-details-1-1.jpg]
[valom-html-demo.vercel.app/assets/img/blog/blog-details-1-2.jpg]
[valom-html-demo.vercel.app/assets/img/blog/blog-details-1-3.jpg]
[valom-html-demo.vercel.app/assets/img/blog/blog-details-1-4.jpg]
[valom-html-demo.vercel.app/assets/img/blog/blog-author-1-1.jpg]
[valom-html-demo.vercel.app/blog-details.html]
[valom-html-demo.vercel.app/assets/img/others/contact-page1-1.jpg]
[valom-html-demo.vercel.app/contact.html]
[valom-html-demo.vercel.app/assets/img/logo/logo-white.svg]
[valom-html-demo.vercel.app/instagram.html]
[valom-html-demo.vercel.app/index-2.html]
[valom-html-demo.vercel.app/assets/fonts/fa-brands-400.html]
[valom-html-demo.vercel.app/assets/fonts/fa-brands-400d41d.html]
[valom-html-demo.vercel.app/assets/fonts/fa-brands-401.html]
[valom-html-demo.vercel.app/assets/fonts/fa-regular-400.html]
[valom-html-demo.vercel.app/assets/fonts/fa-regular-400d41d.html]
[valom-html-demo.vercel.app/assets/fonts/fa-regular-401.html]
[valom-html-demo.vercel.app/assets/fonts/fa-solid-900.html]
[valom-html-demo.vercel.app/assets/fonts/fa-solid-900d41d.html]
[valom-html-demo.vercel.app/assets/fonts/fa-solid-901.html]
[valom-html-demo.vercel.app/assets/img/icon/hero-feature-icon2-1.svg]
[valom-html-demo.vercel.app/assets/img/icon/hero-feature-icon2-2.svg]
[valom-html-demo.vercel.app/assets/img/icon/hero-feature-icon2-3.svg]
[valom-html-demo.vercel.app/assets/img/icon/counter-icon2-1.svg]
[valom-html-demo.vercel.app/assets/img/icon/counter-icon2-2.svg]
[valom-html-demo.vercel.app/assets/img/icon/counter-icon2-3.svg]
[valom-html-demo.vercel.app/faq.html]
[valom-html-demo.vercel.app/assets/img/icon/feature-counter-icon2-1.svg]
[valom-html-demo.vercel.app/assets/img/icon/feature-icon2-1.svg]
[valom-html-demo.vercel.app/assets/img/client/client1-1.svg]
[valom-html-demo.vercel.app/assets/img/client/client1-2.svg]
[valom-html-demo.vercel.app/assets/img/client/client1-3.svg]
[valom-html-demo.vercel.app/assets/img/client/client1-4.svg]
[valom-html-demo.vercel.app/assets/img/client/client1-5.svg]
[valom-html-demo.vercel.app/assets/img/others/error.svg]
